2026-09-21 10:48:13,808 - aqt.main - INFO - installer 123131129901184 aqtinstall(aqt) v3.3.0 on Python 3.12.3 [CPython GCC 13.3.0]
2026-09-21 10:49:25,115 - aqt.main - INFO - installer 129347561328768 aqtinstall(aqt) v3.3.0 on Python 3.12.3 [CPython GCC 13.3.0]
2026-09-21 10:49:25,115 - aqt.helper - DEBUG - helper 129347561328768 Attempt to download checksum at https://download.qt.io/online/qtsdkrepository/windows_x86/desktop/tools_mingw/Updates.xml.sha256
2026-09-21 10:49:27,062 - aqt.main - ERROR - installer 129347561328768 The package 'qt.tools.win64_mingw1120' was not found while parsing XML of package information!
==============================Suggested follow-up:==============================
* Please use 'aqt list-tool windows desktop tools_mingw' to show tool variants available.
2026-09-21 10:49:27,305 - aqt.main - INFO - installer 138879837151360 aqtinstall(aqt) v3.3.0 on Python 3.12.3 [CPython GCC 13.3.0]
2026-09-21 10:49:27,306 - aqt.helper - DEBUG - helper 138879837151360 Attempt to download checksum at https://download.qt.io/online/qtsdkrepository/windows_x86/desktop/qt6_642/Updates.xml.sha256
2026-09-21 10:49:29,431 - aqt.helper - DEBUG - helper 131679078097024 Attempt to download checksum at https://download.qt.io/online/qtsdkrepository/windows_x86/desktop/qt6_642/qt.qt6.642.win64_mingw/6.4.2-0-202212131055qtbase-Windows-Windows_10_21H2-Mingw-Windows-Windows_10_21H2-X86_64.7z.sha256
2026-09-21 10:49:29,443 - aqt.helper - DEBUG - helper 133301954408576 Attempt to download checksum at https://download.qt.io/online/qtsdkrepository/windows_x86/desktop/qt6_642/qt.qt6.642.win64_mingw/6.4.2-0-202212131055qtdeclarative-Windows-Windows_10_21H2-Mingw-Windows-Windows_10_21H2-X86_64.7z.sha256
2026-09-21 10:49:29,443 - aqt.helper - DEBUG - helper 125989947531392 Attempt to download checksum at https://download.qt.io/online/qtsdkrepository/windows_x86/desktop/qt6_642/qt.qt6.642.win64_mingw/6.4.2-0-202212131055qtsvg-Windows-Windows_10_21H2-Mingw-Windows-Windows_10_21H2-X86_64.7z.sha256
2026-09-21 10:49:29,446 - aqt.helper - DEBUG - helper 138945514487936 Attempt to download checksum at https://download.qt.io/online/qtsdkrepository/windows_x86/desktop/qt6_642/qt.qt6.642.win64_mingw/6.4.2-0-202212131055qttools-Windows-Windows_10_21H2-Mingw-Windows-Windows_10_21H2-X86_64.7z.sha256
2026-09-21 10:49:30,950 - aqt.helper - INFO - helper 125989947531392 Downloading qtsvg...
2026-09-21 10:49:30,951 - aqt.installer - DEBUG - installer 125989947531392 Download URL: https://mirrors.tuna.tsinghua.edu.cn/qt/online/qtsdkrepository/windows_x86/desktop/qt6_642/qt.qt6.642.win64_mingw/6.4.2-0-202212131055qtsvg-Windows-Windows_10_21H2-Mingw-Windows-Windows_10_21H2-X86_64.7z
2026-09-21 10:49:30,973 - aqt.helper - INFO - helper 133301954408576 Downloading qtdeclarative...
2026-09-21 10:49:30,974 - aqt.installer - DEBUG - installer 133301954408576 Download URL: https://mirrors.tuna.tsinghua.edu.cn/qt/online/qtsdkrepository/windows_x86/desktop/qt6_642/qt.qt6.642.win64_mingw/6.4.2-0-202212131055qtdeclarative-Windows-Windows_10_21H2-Mingw-Windows-Windows_10_21H2-X86_64.7z
2026-09-21 10:49:30,978 - aqt.helper - INFO - helper 138945514487936 Downloading qttools...
2026-09-21 10:49:30,980 - aqt.helper - INFO - helper 131679078097024 Downloading qtbase...
2026-09-21 10:49:30,979 - aqt.installer - DEBUG - installer 138945514487936 Download URL: https://mirrors.tuna.tsinghua.edu.cn/qt/online/qtsdkrepository/windows_x86/desktop/qt6_642/qt.qt6.642.win64_mingw/6.4.2-0-202212131055qttools-Windows-Windows_10_21H2-Mingw-Windows-Windows_10_21H2-X86_64.7z
2026-09-21 10:49:30,981 - aqt.installer - DEBUG - installer 131679078097024 Download URL: https://mirrors.tuna.tsinghua.edu.cn/qt/online/qtsdkrepository/windows_x86/desktop/qt6_642/qt.qt6.642.win64_mingw/6.4.2-0-202212131055qtbase-Windows-Windows_10_21H2-Mingw-Windows-Windows_10_21H2-X86_64.7z
2026-09-21 10:49:31,369 - aqt.helper - INFO - helper 125989947531392 Downloading qtsvg: attempt #2...
2026-09-21 10:49:31,370 - aqt.installer - DEBUG - installer 125989947531392 Download URL: https://mirrors.tuna.tsinghua.edu.cn/qt/online/qtsdkrepository/windows_x86/desktop/qt6_642/qt.qt6.642.win64_mingw/6.4.2-0-202212131055qtsvg-Windows-Windows_10_21H2-Mingw-Windows-Windows_10_21H2-X86_64.7z
2026-09-21 10:49:31,385 - aqt.helper - INFO - helper 133301954408576 Downloading qtdeclarative: attempt #2...
2026-09-21 10:49:31,385 - aqt.installer - DEBUG - installer 133301954408576 Download URL: https://mirrors.tuna.tsinghua.edu.cn/qt/online/qtsdkrepository/windows_x86/desktop/qt6_642/qt.qt6.642.win64_mingw/6.4.2-0-202212131055qtdeclarative-Windows-Windows_10_21H2-Mingw-Windows-Windows_10_21H2-X86_64.7z
2026-09-21 10:49:31,393 - aqt.helper - INFO - helper 131679078097024 Downloading qtbase: attempt #2...
2026-09-21 10:49:31,394 - aqt.installer - DEBUG - installer 131679078097024 Download URL: https://mirrors.tuna.tsinghua.edu.cn/qt/online/qtsdkrepository/windows_x86/desktop/qt6_642/qt.qt6.642.win64_mingw/6.4.2-0-202212131055qtbase-Windows-Windows_10_21H2-Mingw-Windows-Windows_10_21H2-X86_64.7z
2026-09-21 10:49:31,532 - aqt.helper - INFO - helper 138945514487936 Downloading qttools: attempt #2...
2026-09-21 10:49:31,532 - aqt.installer - DEBUG - installer 138945514487936 Download URL: https://mirrors.tuna.tsinghua.edu.cn/qt/online/qtsdkrepository/windows_x86/desktop/qt6_642/qt.qt6.642.win64_mingw/6.4.2-0-202212131055qttools-Windows-Windows_10_21H2-Mingw-Windows-Windows_10_21H2-X86_64.7z
2026-09-21 10:49:32,063 - aqt.helper - INFO - helper 125989947531392 Downloading qtsvg: attempt #3...
2026-09-21 10:49:32,063 - aqt.helper - INFO - helper 133301954408576 Downloading qtdeclarative: attempt #3...
2026-09-21 10:49:32,063 - aqt.helper - INFO - helper 131679078097024 Downloading qtbase: attempt #3...
2026-09-21 10:49:32,063 - aqt.installer - DEBUG - installer 125989947531392 Download URL: https://mirrors.tuna.tsinghua.edu.cn/qt/online/qtsdkrepository/windows_x86/desktop/qt6_642/qt.qt6.642.win64_mingw/6.4.2-0-202212131055qtsvg-Windows-Windows_10_21H2-Mingw-Windows-Windows_10_21H2-X86_64.7z
2026-09-21 10:49:32,063 - aqt.installer - DEBUG - installer 133301954408576 Download URL: https://mirrors.tuna.tsinghua.edu.cn/qt/online/qtsdkrepository/windows_x86/desktop/qt6_642/qt.qt6.642.win64_mingw/6.4.2-0-202212131055qtdeclarative-Windows-Windows_10_21H2-Mingw-Windows-Windows_10_21H2-X86_64.7z
2026-09-21 10:49:32,064 - aqt.installer - DEBUG - installer 131679078097024 Download URL: https://mirrors.tuna.tsinghua.edu.cn/qt/online/qtsdkrepository/windows_x86/desktop/qt6_642/qt.qt6.642.win64_mingw/6.4.2-0-202212131055qtbase-Windows-Windows_10_21H2-Mingw-Windows-Windows_10_21H2-X86_64.7z
2026-09-21 10:49:32,188 - aqt.helper - INFO - helper 138945514487936 Downloading qttools: attempt #3...
2026-09-21 10:49:32,188 - aqt.installer - DEBUG - installer 138945514487936 Download URL: https://mirrors.tuna.tsinghua.edu.cn/qt/online/qtsdkrepository/windows_x86/desktop/qt6_642/qt.qt6.642.win64_mingw/6.4.2-0-202212131055qttools-Windows-Windows_10_21H2-Mingw-Windows-Windows_10_21H2-X86_64.7z
2026-09-21 10:49:32,432 - aqt.helper - INFO - helper 133301954408576 Downloading qtdeclarative: attempt #4...
2026-09-21 10:49:32,432 - aqt.installer - DEBUG - installer 133301954408576 Download URL: https://mirrors.tuna.tsinghua.edu.cn/qt/online/qtsdkrepository/windows_x86/desktop/qt6_642/qt.qt6.642.win64_mingw/6.4.2-0-202212131055qtdeclarative-Windows-Windows_10_21H2-Mingw-Windows-Windows_10_21H2-X86_64.7z
2026-09-21 10:49:32,536 - aqt.helper - INFO - helper 131679078097024 Downloading qtbase: attempt #4...
2026-09-21 10:49:32,536 - aqt.installer - DEBUG - installer 131679078097024 Download URL: https://mirrors.tuna.tsinghua.edu.cn/qt/online/qtsdkrepository/windows_x86/desktop/qt6_642/qt.qt6.642.win64_mingw/6.4.2-0-202212131055qtbase-Windows-Windows_10_21H2-Mingw-Windows-Windows_10_21H2-X86_64.7z
2026-09-21 10:49:32,769 - aqt.helper - INFO - helper 125989947531392 Downloading qtsvg: attempt #4...
2026-09-21 10:49:32,769 - aqt.installer - DEBUG - installer 125989947531392 Download URL: https://mirrors.tuna.tsinghua.edu.cn/qt/online/qtsdkrepository/windows_x86/desktop/qt6_642/qt.qt6.642.win64_mingw/6.4.2-0-202212131055qtsvg-Windows-Windows_10_21H2-Mingw-Windows-Windows_10_21H2-X86_64.7z
2026-09-21 10:49:32,857 - aqt.helper - INFO - helper 133301954408576 Downloading qtdeclarative: attempt #5...
2026-09-21 10:49:32,857 - aqt.installer - DEBUG - installer 133301954408576 Download URL: https://mirrors.tuna.tsinghua.edu.cn/qt/online/qtsdkrepository/windows_x86/desktop/qt6_642/qt.qt6.642.win64_mingw/6.4.2-0-202212131055qtdeclarative-Windows-Windows_10_21H2-Mingw-Windows-Windows_10_21H2-X86_64.7z
2026-09-21 10:49:32,897 - aqt.helper - INFO - helper 138945514487936 Downloading qttools: attempt #4...
2026-09-21 10:49:32,898 - aqt.installer - DEBUG - installer 138945514487936 Download URL: https://mirrors.tuna.tsinghua.edu.cn/qt/online/qtsdkrepository/windows_x86/desktop/qt6_642/qt.qt6.642.win64_mingw/6.4.2-0-202212131055qttools-Windows-Windows_10_21H2-Mingw-Windows-Windows_10_21H2-X86_64.7z
2026-09-21 10:49:32,934 - aqt.helper - INFO - helper 131679078097024 Downloading qtbase: attempt #5...
2026-09-21 10:49:32,934 - aqt.installer - DEBUG - installer 131679078097024 Download URL: https://mirrors.tuna.tsinghua.edu.cn/qt/online/qtsdkrepository/windows_x86/desktop/qt6_642/qt.qt6.642.win64_mingw/6.4.2-0-202212131055qtbase-Windows-Windows_10_21H2-Mingw-Windows-Windows_10_21H2-X86_64.7z
2026-09-21 10:49:33,182 - aqt.helper - INFO - helper 125989947531392 Downloading qtsvg: attempt #5...
2026-09-21 10:49:33,183 - aqt.installer - DEBUG - installer 125989947531392 Download URL: https://mirrors.tuna.tsinghua.edu.cn/qt/online/qtsdkrepository/windows_x86/desktop/qt6_642/qt.qt6.642.win64_mingw/6.4.2-0-202212131055qtsvg-Windows-Windows_10_21H2-Mingw-Windows-Windows_10_21H2-X86_64.7z
2026-09-21 10:49:33,326 - aqt.helper - INFO - helper 138945514487936 Downloading qttools: attempt #5...
2026-09-21 10:49:33,326 - aqt.installer - DEBUG - installer 138945514487936 Download URL: https://mirrors.tuna.tsinghua.edu.cn/qt/online/qtsdkrepository/windows_x86/desktop/qt6_642/qt.qt6.642.win64_mingw/6.4.2-0-202212131055qttools-Windows-Windows_10_21H2-Mingw-Windows-Windows_10_21H2-X86_64.7z
2026-09-21 10:49:33,342 - aqt.helper - DEBUG - helper 133301954408576 Attempt to download checksum at https://download.qt.io/online/qtsdkrepository/windows_x86/desktop/qt6_642/qt.qt6.642.win64_mingw/6.4.2-0-202212131055MinGW-w64-x86_64-11.2.0-release-posix-seh-rt_v9-rev1-runtime.7z.sha256
2026-09-21 10:49:33,342 - aqt.helper - DEBUG - helper 131679078097024 Attempt to download checksum at https://download.qt.io/online/qtsdkrepository/windows_x86/desktop/qt6_642/qt.qt6.642.win64_mingw/6.4.2-0-202212131055qttranslations-Windows-Windows_10_21H2-Mingw-Windows-Windows_10_21H2-X86_64.7z.sha256
2026-09-21 10:49:33,559 - aqt.helper - DEBUG - helper 125989947531392 Attempt to download checksum at https://download.qt.io/online/qtsdkrepository/windows_x86/desktop/qt6_642/qt.qt6.642.win64_mingw/6.4.2-0-202212131055d3dcompiler_47-x64.7z.sha256
2026-09-21 10:49:33,701 - aqt.helper - DEBUG - helper 138945514487936 Attempt to download checksum at https://download.qt.io/online/qtsdkrepository/windows_x86/desktop/qt6_642/qt.qt6.642.win64_mingw/6.4.2-0-202212131055opengl32sw-64-mesa_11_2_2-signed.7z.sha256
2026-09-21 10:49:34,635 - aqt.helper - INFO - helper 131679078097024 Downloading qttranslations...
2026-09-21 10:49:34,636 - aqt.installer - DEBUG - installer 131679078097024 Download URL: https://mirrors.tuna.tsinghua.edu.cn/qt/online/qtsdkrepository/windows_x86/desktop/qt6_642/qt.qt6.642.win64_mingw/6.4.2-0-202212131055qttranslations-Windows-Windows_10_21H2-Mingw-Windows-Windows_10_21H2-X86_64.7z
2026-09-21 10:49:34,745 - aqt.helper - INFO - helper 133301954408576 Downloading MinGW...
2026-09-21 10:49:34,746 - aqt.installer - DEBUG - installer 133301954408576 Download URL: https://mirrors.tuna.tsinghua.edu.cn/qt/online/qtsdkrepository/windows_x86/desktop/qt6_642/qt.qt6.642.win64_mingw/6.4.2-0-202212131055MinGW-w64-x86_64-11.2.0-release-posix-seh-rt_v9-rev1-runtime.7z
2026-09-21 10:49:34,941 - aqt.helper - INFO - helper 125989947531392 Downloading d3dcompiler_47...
2026-09-21 10:49:34,942 - aqt.installer - DEBUG - installer 125989947531392 Download URL: https://mirrors.tuna.tsinghua.edu.cn/qt/online/qtsdkrepository/windows_x86/desktop/qt6_642/qt.qt6.642.win64_mingw/6.4.2-0-202212131055d3dcompiler_47-x64.7z
2026-09-21 10:49:35,026 - aqt.helper - INFO - helper 138945514487936 Downloading opengl32sw...
2026-09-21 10:49:35,027 - aqt.installer - DEBUG - installer 138945514487936 Download URL: https://mirrors.tuna.tsinghua.edu.cn/qt/online/qtsdkrepository/windows_x86/desktop/qt6_642/qt.qt6.642.win64_mingw/6.4.2-0-202212131055opengl32sw-64-mesa_11_2_2-signed.7z
2026-09-21 10:49:35,062 - aqt.helper - INFO - helper 131679078097024 Downloading qttranslations: attempt #2...
2026-09-21 10:49:35,063 - aqt.installer - DEBUG - installer 131679078097024 Download URL: https://mirrors.tuna.tsinghua.edu.cn/qt/online/qtsdkrepository/windows_x86/desktop/qt6_642/qt.qt6.642.win64_mingw/6.4.2-0-202212131055qttranslations-Windows-Windows_10_21H2-Mingw-Windows-Windows_10_21H2-X86_64.7z
2026-09-21 10:49:35,284 - aqt.helper - INFO - helper 133301954408576 Downloading MinGW: attempt #2...
2026-09-21 10:49:35,285 - aqt.installer - DEBUG - installer 133301954408576 Download URL: https://mirrors.tuna.tsinghua.edu.cn/qt/online/qtsdkrepository/windows_x86/desktop/qt6_642/qt.qt6.642.win64_mingw/6.4.2-0-202212131055MinGW-w64-x86_64-11.2.0-release-posix-seh-rt_v9-rev1-runtime.7z
2026-09-21 10:49:35,396 - aqt.helper - INFO - helper 125989947531392 Downloading d3dcompiler_47: attempt #2...
2026-09-21 10:49:35,397 - aqt.installer - DEBUG - installer 125989947531392 Download URL: https://mirrors.tuna.tsinghua.edu.cn/qt/online/qtsdkrepository/windows_x86/desktop/qt6_642/qt.qt6.642.win64_mingw/6.4.2-0-202212131055d3dcompiler_47-x64.7z
2026-09-21 10:49:35,455 - aqt.helper - INFO - helper 138945514487936 Downloading opengl32sw: attempt #2...
2026-09-21 10:49:35,455 - aqt.installer - DEBUG - installer 138945514487936 Download URL: https://mirrors.tuna.tsinghua.edu.cn/qt/online/qtsdkrepository/windows_x86/desktop/qt6_642/qt.qt6.642.win64_mingw/6.4.2-0-202212131055opengl32sw-64-mesa_11_2_2-signed.7z
2026-09-21 10:49:35,497 - aqt.helper - INFO - helper 131679078097024 Downloading qttranslations: attempt #3...
2026-09-21 10:49:35,498 - aqt.installer - DEBUG - installer 131679078097024 Download URL: https://mirrors.tuna.tsinghua.edu.cn/qt/online/qtsdkrepository/windows_x86/desktop/qt6_642/qt.qt6.642.win64_mingw/6.4.2-0-202212131055qttranslations-Windows-Windows_10_21H2-Mingw-Windows-Windows_10_21H2-X86_64.7z
2026-09-21 10:49:35,719 - aqt.helper - INFO - helper 133301954408576 Downloading MinGW: attempt #3...
2026-09-21 10:49:35,720 - aqt.installer - DEBUG - installer 133301954408576 Download URL: https://mirrors.tuna.tsinghua.edu.cn/qt/online/qtsdkrepository/windows_x86/desktop/qt6_642/qt.qt6.642.win64_mingw/6.4.2-0-202212131055MinGW-w64-x86_64-11.2.0-release-posix-seh-rt_v9-rev1-runtime.7z
2026-09-21 10:49:35,858 - aqt.helper - INFO - helper 138945514487936 Downloading opengl32sw: attempt #3...
2026-09-21 10:49:35,858 - aqt.installer - DEBUG - installer 138945514487936 Download URL: https://mirrors.tuna.tsinghua.edu.cn/qt/online/qtsdkrepository/windows_x86/desktop/qt6_642/qt.qt6.642.win64_mingw/6.4.2-0-202212131055opengl32sw-64-mesa_11_2_2-signed.7z
2026-09-21 10:49:35,917 - aqt.helper - INFO - helper 131679078097024 Downloading qttranslations: attempt #4...
2026-09-21 10:49:35,919 - aqt.installer - DEBUG - installer 131679078097024 Download URL: https://mirrors.tuna.tsinghua.edu.cn/qt/online/qtsdkrepository/windows_x86/desktop/qt6_642/qt.qt6.642.win64_mingw/6.4.2-0-202212131055qttranslations-Windows-Windows_10_21H2-Mingw-Windows-Windows_10_21H2-X86_64.7z
2026-09-21 10:49:36,114 - aqt.helper - INFO - helper 125989947531392 Downloading d3dcompiler_47: attempt #3...
2026-09-21 10:49:36,114 - aqt.installer - DEBUG - installer 125989947531392 Download URL: https://mirrors.tuna.tsinghua.edu.cn/qt/online/qtsdkrepository/windows_x86/desktop/qt6_642/qt.qt6.642.win64_mingw/6.4.2-0-202212131055d3dcompiler_47-x64.7z
2026-09-21 10:49:36,123 - aqt.helper - INFO - helper 133301954408576 Downloading MinGW: attempt #4...
2026-09-21 10:49:36,124 - aqt.installer - DEBUG - installer 133301954408576 Download URL: https://mirrors.tuna.tsinghua.edu.cn/qt/online/qtsdkrepository/windows_x86/desktop/qt6_642/qt.qt6.642.win64_mingw/6.4.2-0-202212131055MinGW-w64-x86_64-11.2.0-release-posix-seh-rt_v9-rev1-runtime.7z
2026-09-21 10:49:36,360 - aqt.helper - INFO - helper 138945514487936 Downloading opengl32sw: attempt #4...
2026-09-21 10:49:36,361 - aqt.installer - DEBUG - installer 138945514487936 Download URL: https://mirrors.tuna.tsinghua.edu.cn/qt/online/qtsdkrepository/windows_x86/desktop/qt6_642/qt.qt6.642.win64_mingw/6.4.2-0-202212131055opengl32sw-64-mesa_11_2_2-signed.7z
2026-09-21 10:49:36,364 - aqt.helper - INFO - helper 131679078097024 Downloading qttranslations: attempt #5...
2026-09-21 10:49:36,365 - aqt.installer - DEBUG - installer 131679078097024 Download URL: https://mirrors.tuna.tsinghua.edu.cn/qt/online/qtsdkrepository/windows_x86/desktop/qt6_642/qt.qt6.642.win64_mingw/6.4.2-0-202212131055qttranslations-Windows-Windows_10_21H2-Mingw-Windows-Windows_10_21H2-X86_64.7z
2026-09-21 10:49:36,492 - aqt.helper - INFO - helper 125989947531392 Downloading d3dcompiler_47: attempt #4...
2026-09-21 10:49:36,493 - aqt.installer - DEBUG - installer 125989947531392 Download URL: https://mirrors.tuna.tsinghua.edu.cn/qt/online/qtsdkrepository/windows_x86/desktop/qt6_642/qt.qt6.642.win64_mingw/6.4.2-0-202212131055d3dcompiler_47-x64.7z
2026-09-21 10:49:36,511 - aqt.helper - INFO - helper 133301954408576 Downloading MinGW: attempt #5...
2026-09-21 10:49:36,511 - aqt.installer - DEBUG - installer 133301954408576 Download URL: https://mirrors.tuna.tsinghua.edu.cn/qt/online/qtsdkrepository/windows_x86/desktop/qt6_642/qt.qt6.642.win64_mingw/6.4.2-0-202212131055MinGW-w64-x86_64-11.2.0-release-posix-seh-rt_v9-rev1-runtime.7z
2026-09-21 10:49:36,704 - aqt.helper - INFO - helper 138945514487936 Downloading opengl32sw: attempt #5...
2026-09-21 10:49:36,704 - aqt.installer - DEBUG - installer 138945514487936 Download URL: https://mirrors.tuna.tsinghua.edu.cn/qt/online/qtsdkrepository/windows_x86/desktop/qt6_642/qt.qt6.642.win64_mingw/6.4.2-0-202212131055opengl32sw-64-mesa_11_2_2-signed.7z
2026-09-21 10:49:37,506 - aqt.helper - INFO - helper 125989947531392 Downloading d3dcompiler_47: attempt #5...
2026-09-21 10:49:37,507 - aqt.installer - DEBUG - installer 125989947531392 Download URL: https://mirrors.tuna.tsinghua.edu.cn/qt/online/qtsdkrepository/windows_x86/desktop/qt6_642/qt.qt6.642.win64_mingw/6.4.2-0-202212131055d3dcompiler_47-x64.7z
2026-09-21 10:49:38,120 - aqt.installer - WARNING - installer 138879837151360 Caught ArchiveChecksumError, terminating installer workers
2026-09-21 10:49:38,134 - aqt.main - ERROR - installer 138879837151360 Downloaded file 6.4.2-0-202212131055qtbase-Windows-Windows_10_21H2-Mingw-Windows-Windows_10_21H2-X86_64.7z is corrupted! Detect checksum error.
Expect 8a50921204c97ca87eda6de65175e5271dc551fb2c8ed5aaa6db087906146603: https://mirrors.tuna.tsinghua.edu.cn/qt/online/qtsdkrepository/windows_x86/desktop/qt6_642/qt.qt6.642.win64_mingw/6.4.2-0-202212131055qtbase-Windows-Windows_10_21H2-Mingw-Windows-Windows_10_21H2-X86_64.7z
Actual 71c30890982757a32f88ffb5a29cc19fea8dc56a8278b33defdd586f58910cab: qtbase-Windows-Windows_10_21H2-Mingw-Windows-Windows_10_21H2-X86_64.7z
2026-09-21 10:50:02,699 - aqt.helper - DEBUG - helper 129720835973248 Attempt to download checksum at https://download.qt.io/online/qtsdkrepository/windows_x86/desktop/tools_mingw/Updates.xml.sha256
2026-09-21 10:50:13,597 - aqt.helper - DEBUG - helper 126088680353920 Attempt to download checksum at https://download.qt.io/online/qtsdkrepository/windows_x86/desktop/tools_mingw/Updates.xml.sha256
